------------------------------------------------------------
TimeQuest Timing Analyzer Summary
------------------------------------------------------------

Type  : Slow 1100mV 85C Model Setup 'CLOCK_50'
Slack : 15.199
TNS   : 0.000

Type  : Slow 1100mV 85C Model Setup 'U_PLL_Audio_1|pll_audio_inst|altera_pll_i|general[0].gpll~PLL_OUTPUT_COUNTER|divclk'
Slack : 76.991
TNS   : 0.000

Type  : Slow 1100mV 85C Model Hold 'CLOCK_50'
Slack : 0.362
TNS   : 0.000

Type  : Slow 1100mV 85C Model Hold 'U_PLL_Audio_1|pll_audio_inst|altera_pll_i|general[0].gpll~PLL_OUTPUT_COUNTER|divclk'
Slack : 0.624
TNS   : 0.000

Type  : Slow 1100mV 85C Model Recovery 'CLOCK_50'
Slack : 12.340
TNS   : 0.000

Type  : Slow 1100mV 85C Model Recovery 'U_PLL_Audio_1|pll_audio_inst|altera_pll_i|general[0].gpll~PLL_OUTPUT_COUNTER|divclk'
Slack : 13.494
TNS   : 0.000

Type  : Slow 1100mV 85C Model Removal 'U_PLL_Audio_1|pll_audio_inst|altera_pll_i|general[0].gpll~PLL_OUTPUT_COUNTER|divclk'
Slack : 2.192
TNS   : 0.000

Type  : Slow 1100mV 85C Model Removal 'CLOCK_50'
Slack : 3.187
TNS   : 0.000

Type  : Slow 1100mV 85C Model Minimum Pulse Width 'U_PLL_Audio_1|pll_audio_inst|altera_pll_i|general[0].gpll~FRACTIONAL_PLL|vcoph[0]'
Slack : 1.666
TNS   : 0.000

Type  : Slow 1100mV 85C Model Minimum Pulse Width 'CLOCK_50'
Slack : 8.861
TNS   : 0.000

Type  : Slow 1100mV 85C Model Minimum Pulse Width 'U_PLL_Audio_1|pll_audio_inst|altera_pll_i|general[0].gpll~PLL_OUTPUT_COUNTER|divclk'
Slack : 39.304
TNS   : 0.000

Type  : Slow 1100mV 0C Model Setup 'CLOCK_50'
Slack : 15.295
TNS   : 0.000

Type  : Slow 1100mV 0C Model Setup 'U_PLL_Audio_1|pll_audio_inst|altera_pll_i|general[0].gpll~PLL_OUTPUT_COUNTER|divclk'
Slack : 77.045
TNS   : 0.000

Type  : Slow 1100mV 0C Model Hold 'CLOCK_50'
Slack : 0.376
TNS   : 0.000

Type  : Slow 1100mV 0C Model Hold 'U_PLL_Audio_1|pll_audio_inst|altera_pll_i|general[0].gpll~PLL_OUTPUT_COUNTER|divclk'
Slack : 0.572
TNS   : 0.000

Type  : Slow 1100mV 0C Model Recovery 'CLOCK_50'
Slack : 12.516
TNS   : 0.000

Type  : Slow 1100mV 0C Model Recovery 'U_PLL_Audio_1|pll_audio_inst|altera_pll_i|general[0].gpll~PLL_OUTPUT_COUNTER|divclk'
Slack : 13.956
TNS   : 0.000

Type  : Slow 1100mV 0C Model Removal 'U_PLL_Audio_1|pll_audio_inst|altera_pll_i|general[0].gpll~PLL_OUTPUT_COUNTER|divclk'
Slack : 1.902
TNS   : 0.000

Type  : Slow 1100mV 0C Model Removal 'CLOCK_50'
Slack : 2.995
TNS   : 0.000

Type  : Slow 1100mV 0C Model Minimum Pulse Width 'U_PLL_Audio_1|pll_audio_inst|altera_pll_i|general[0].gpll~FRACTIONAL_PLL|vcoph[0]'
Slack : 1.666
TNS   : 0.000

Type  : Slow 1100mV 0C Model Minimum Pulse Width 'CLOCK_50'
Slack : 8.863
TNS   : 0.000

Type  : Slow 1100mV 0C Model Minimum Pulse Width 'U_PLL_Audio_1|pll_audio_inst|altera_pll_i|general[0].gpll~PLL_OUTPUT_COUNTER|divclk'
Slack : 39.259
TNS   : 0.000

Type  : Fast 1100mV 85C Model Setup 'CLOCK_50'
Slack : 16.781
TNS   : 0.000

Type  : Fast 1100mV 85C Model Setup 'U_PLL_Audio_1|pll_audio_inst|altera_pll_i|general[0].gpll~PLL_OUTPUT_COUNTER|divclk'
Slack : 78.129
TNS   : 0.000

Type  : Fast 1100mV 85C Model Hold 'CLOCK_50'
Slack : 0.176
TNS   : 0.000

Type  : Fast 1100mV 85C Model Hold 'U_PLL_Audio_1|pll_audio_inst|altera_pll_i|general[0].gpll~PLL_OUTPUT_COUNTER|divclk'
Slack : 0.303
TNS   : 0.000

Type  : Fast 1100mV 85C Model Recovery 'CLOCK_50'
Slack : 14.870
TNS   : 0.000

Type  : Fast 1100mV 85C Model Recovery 'U_PLL_Audio_1|pll_audio_inst|altera_pll_i|general[0].gpll~PLL_OUTPUT_COUNTER|divclk'
Slack : 15.297
TNS   : 0.000

Type  : Fast 1100mV 85C Model Removal 'U_PLL_Audio_1|pll_audio_inst|altera_pll_i|general[0].gpll~PLL_OUTPUT_COUNTER|divclk'
Slack : 1.841
TNS   : 0.000

Type  : Fast 1100mV 85C Model Removal 'CLOCK_50'
Slack : 2.003
TNS   : 0.000

Type  : Fast 1100mV 85C Model Minimum Pulse Width 'U_PLL_Audio_1|pll_audio_inst|altera_pll_i|general[0].gpll~FRACTIONAL_PLL|vcoph[0]'
Slack : 1.666
TNS   : 0.000

Type  : Fast 1100mV 85C Model Minimum Pulse Width 'CLOCK_50'
Slack : 8.807
TNS   : 0.000

Type  : Fast 1100mV 85C Model Minimum Pulse Width 'U_PLL_Audio_1|pll_audio_inst|altera_pll_i|general[0].gpll~PLL_OUTPUT_COUNTER|divclk'
Slack : 39.553
TNS   : 0.000

Type  : Fast 1100mV 0C Model Setup 'CLOCK_50'
Slack : 17.141
TNS   : 0.000

Type  : Fast 1100mV 0C Model Setup 'U_PLL_Audio_1|pll_audio_inst|altera_pll_i|general[0].gpll~PLL_OUTPUT_COUNTER|divclk'
Slack : 78.301
TNS   : 0.000

Type  : Fast 1100mV 0C Model Hold 'CLOCK_50'
Slack : 0.168
TNS   : 0.000

Type  : Fast 1100mV 0C Model Hold 'U_PLL_Audio_1|pll_audio_inst|altera_pll_i|general[0].gpll~PLL_OUTPUT_COUNTER|divclk'
Slack : 0.296
TNS   : 0.000

Type  : Fast 1100mV 0C Model Recovery 'CLOCK_50'
Slack : 15.360
TNS   : 0.000

Type  : Fast 1100mV 0C Model Recovery 'U_PLL_Audio_1|pll_audio_inst|altera_pll_i|general[0].gpll~PLL_OUTPUT_COUNTER|divclk'
Slack : 16.039
TNS   : 0.000

Type  : Fast 1100mV 0C Model Removal 'U_PLL_Audio_1|pll_audio_inst|altera_pll_i|general[0].gpll~PLL_OUTPUT_COUNTER|divclk'
Slack : 1.363
TNS   : 0.000

Type  : Fast 1100mV 0C Model Removal 'CLOCK_50'
Slack : 1.776
TNS   : 0.000

Type  : Fast 1100mV 0C Model Minimum Pulse Width 'U_PLL_Audio_1|pll_audio_inst|altera_pll_i|general[0].gpll~FRACTIONAL_PLL|vcoph[0]'
Slack : 1.666
TNS   : 0.000

Type  : Fast 1100mV 0C Model Minimum Pulse Width 'CLOCK_50'
Slack : 8.785
TNS   : 0.000

Type  : Fast 1100mV 0C Model Minimum Pulse Width 'U_PLL_Audio_1|pll_audio_inst|altera_pll_i|general[0].gpll~PLL_OUTPUT_COUNTER|divclk'
Slack : 39.542
TNS   : 0.000

------------------------------------------------------------
